Archive member included because of file (symbol)

board/smdk2410/libsmdk2410.a(lowlevel_init.o)
                              cpu/arm920t/start.o (lowlevel_init)
cpu/arm920t/libarm920t.a(interrupts.o)
                              cpu/arm920t/start.o (do_undefined_instruction)
cpu/arm920t/s3c24x0/libs3c24x0.a(interrupts.o)
                              cpu/arm920t/libarm920t.a(interrupts.o) (reset_cpu)
cpu/arm920t/s3c24x0/libs3c24x0.a(speed.o)
                              cpu/arm920t/s3c24x0/libs3c24x0.a(interrupts.o) (get_PCLK)
lib_arm/libarm.a(_udivsi3.o)  cpu/arm920t/s3c24x0/libs3c24x0.a(interrupts.o) (__udivsi3)
lib_arm/libarm.a(board.o)     cpu/arm920t/s3c24x0/libs3c24x0.a(speed.o) (hang)
lib_arm/libarm.a(div0.o)      lib_arm/libarm.a(_udivsi3.o) (__div0)
net/libnet.a(net.o)           lib_arm/libarm.a(board.o) (copy_filename)
net/libnet.a(tftp.o)          net/libnet.a(net.o) (TftpStart)
net/libnet.a(bootp.o)         net/libnet.a(net.o) (BootpRequest)
net/libnet.a(rarp.o)          net/libnet.a(net.o) (RarpRequest)
net/libnet.a(eth.o)           lib_arm/libarm.a(board.o) (eth_initialize)
net/libnet.a(nfs.o)           net/libnet.a(net.o) (NfsStart)
drivers/libdrivers.a(cs8900.o)
                              lib_arm/libarm.a(board.o) (cs8900_get_enetaddr)
common/libcommon.a(main.o)    lib_arm/libarm.a(board.o) (main_loop)
common/libcommon.a(cmd_autoscript.o)
                              (__u_boot_cmd_autoscr)
common/libcommon.a(cmd_bdinfo.o)
                              (__u_boot_cmd_bdinfo)
common/libcommon.a(cmd_boot.o)
                              (__u_boot_cmd_reset)
common/libcommon.a(cmd_bootm.o)
                              (__u_boot_cmd_imls)
common/libcommon.a(cmd_cache.o)
                              (__u_boot_cmd_dcache)
common/libcommon.a(cmd_console.o)
                              (__u_boot_cmd_coninfo)
common/libcommon.a(cmd_date.o)
                              (__u_boot_cmd_date)
common/libcommon.a(cmd_elf.o)
                              (__u_boot_cmd_bootvx)
common/libcommon.a(cmd_flash.o)
                              (__u_boot_cmd_protect)
common/libcommon.a(cmd_itest.o)
                              (__u_boot_cmd_itest)
common/libcommon.a(cmd_load.o)
                              (__u_boot_cmd_loady)
common/libcommon.a(cmd_mem.o)
                              (__u_boot_cmd_mtest)
common/libcommon.a(cmd_misc.o)
                              (__u_boot_cmd_sleep)
common/libcommon.a(cmd_net.o)
                              (__u_boot_cmd_nfs)
common/libcommon.a(cmd_nvedit.o)
                              (__u_boot_cmd_run)
common/libcommon.a(command.o)
                              (__u_boot_cmd_question_mark)
common/libcommon.a(console.o)
                              cpu/arm920t/libarm920t.a(interrupts.o) (printf)
common/libcommon.a(devices.o)
                              common/libcommon.a(cmd_console.o) (stdio_names)
common/libcommon.a(dlmalloc.o)
                              common/libcommon.a(cmd_autoscript.o) (free)
common/libcommon.a(env_common.o)
                              common/libcommon.a(cmd_nvedit.o) (env_get_char)
common/libcommon.a(env_flash.o)
                              common/libcommon.a(env_common.o) (env_ptr)
common/libcommon.a(exports.o)
                              lib_arm/libarm.a(board.o) (jumptable_init)
common/libcommon.a(flash.o)   common/libcommon.a(cmd_load.o) (addr2info)
common/libcommon.a(lists.o)   common/libcommon.a(devices.o) (ListCreate)
common/libcommon.a(s_record.o)
                              common/libcommon.a(cmd_load.o) (srec_decode)
common/libcommon.a(xyzModem.o)
                              common/libcommon.a(cmd_load.o) (xyzModem_stream_open)
common/libcommon.a(crc16.o)   common/libcommon.a(xyzModem.o) (cyg_crc16)
lib_generic/libgeneric.a(crc32.o)
                              common/libcommon.a(cmd_autoscript.o) (crc32)
lib_generic/libgeneric.a(display_options.o)
                              lib_arm/libarm.a(board.o) (print_size)
lib_generic/libgeneric.a(string.o)
                              net/libnet.a(net.o) (strcpy)
lib_generic/libgeneric.a(vsprintf.o)
                              lib_arm/libarm.a(board.o) (simple_strtoul)
lib_generic/libgeneric.a(zlib.o)
                              common/libcommon.a(cmd_bootm.o) (inflateEnd)
lib_generic/libgeneric.a(ctype.o)
                              lib_generic/libgeneric.a(vsprintf.o) (_ctype)
board/smdk2410/libsmdk2410.a(smdk2410.o)
                              lib_arm/libarm.a(board.o) (board_init)
board/smdk2410/libsmdk2410.a(flash.o)
                              lib_arm/libarm.a(board.o) (flash_init)
cpu/arm920t/libarm920t.a(cpu.o)
                              lib_arm/libarm.a(board.o) (cpu_init)
cpu/arm920t/s3c24x0/libs3c24x0.a(serial.o)
                              common/libcommon.a(cmd_load.o) (serial_setbrg)
lib_arm/libarm.a(_divsi3.o)   common/libcommon.a(cmd_date.o) (__divsi3)
lib_arm/libarm.a(_modsi3.o)   net/libnet.a(nfs.o) (__modsi3)
lib_arm/libarm.a(_umodsi3.o)  net/libnet.a(tftp.o) (__umodsi3)
lib_arm/libarm.a(armlinux.o)  common/libcommon.a(cmd_bootm.o) (do_bootm_linux)
lib_arm/libarm.a(cache.o)     common/libcommon.a(cmd_elf.o) (flush_cache)
rtc/librtc.a(date.o)          common/libcommon.a(cmd_date.o) (GregorianDay)
rtc/librtc.a(s3c24x0_rtc.o)   common/libcommon.a(cmd_date.o) (rtc_get)

Memory Configuration

Name             Origin             Length             Attributes
*default*        0x00000000         0xffffffff

Linker script and memory map

                0x00000000                . = 0x0
                0x00000000                . = ALIGN (0x4)

.text           0x33f80000    0x11ed8
 cpu/arm920t/start.o(.text)
 .text          0x33f80000      0x400 cpu/arm920t/start.o
                0x33f80048                _bss_start
                0x33f8004c                _bss_end
                0x33f80044                _armboot_start
                0x33f80000                _start
 *(.text)
 .text          0x33f80400       0x64 board/smdk2410/libsmdk2410.a(lowlevel_init.o)
                0x33f80404                lowlevel_init
 .text          0x33f80464      0x260 cpu/arm920t/libarm920t.a(interrupts.o)
                0x33f8067c                do_fiq
                0x33f805c8                do_undefined_instruction
                0x33f8048c                show_regs
                0x33f806a0                do_irq
                0x33f80470                bad_mode
                0x33f80610                do_prefetch_abort
                0x33f80468                disable_interrupts
                0x33f80658                do_not_used
                0x33f80634                do_data_abort
                0x33f805ec                do_software_interrupt
                0x33f80464                enable_interrupts
 .text          0x33f806c4      0x25c cpu/arm920t/s3c24x0/libs3c24x0.a(interrupts.o)
                0x33f807f8                set_timer
                0x33f80774                reset_timer
                0x33f806c4                interrupt_init
                0x33f808f4                get_tbclk
                0x33f807e4                get_timer
                0x33f80744                reset_timer_masked
                0x33f80778                get_timer_masked
                0x33f80808                udelay
                0x33f80864                udelay_masked
                0x33f80900                reset_cpu
                0x33f808e0                get_ticks
 .text          0x33f80920       0xc0 cpu/arm920t/s3c24x0/libs3c24x0.a(speed.o)
                0x33f80988                get_HCLK
                0x33f809b0                get_PCLK
                0x33f80980                get_FCLK
                0x33f809d8                get_UCLK
 .text          0x33f809e0       0x98 lib_arm/libarm.a(_udivsi3.o)
                0x33f809e0                __udivsi3
 .text          0x33f80a78      0x2fc lib_arm/libarm.a(board.o)
                0x33f80b60                hang
                0x33f80b70                start_armboot
                0x33f80a78                sbrk
 .text          0x33f80d74        0x4 lib_arm/libarm.a(div0.o)
                0x33f80d74                __div0
 .text          0x33f80d78     0x129c net/libnet.a(net.o)
                0x33f81b24                getenv_IPaddr
                0x33f813dc                NetCksumOk
                0x33f80f90                NetSetTimeout
                0x33f81444                copy_filename
                0x33f81400                NetEthHdrSize
                0x33f81498                ip_to_string
                0x33f8105c                ArpTimeoutCheck
                0x33f81514                NetReceive
                0x33f81aa4                string_to_ip
                0x33f81274                NetSendUDPPacket
                0x33f814f0                print_IPaddr
                0x33f80d78                NetSetEther
                0x33f81c00                NetLoop
                0x33f80e38                ArpRequest
                0x33f81b34                VLAN_to_string
                0x33f81be8                getenv_VLAN
                0x33f810e8                NetCksum
                0x33f81134                NetSetIP
                0x33f81b90                string_to_VLAN
                0x33f80fdc                NetStartAgain
                0x33f80fcc                NetSetHandler
                0x33f810e4                NetSendPacket
 .text          0x33f82014      0x6b8 net/libnet.a(tftp.o)
                0x33f824a8                TftpStart
 .text          0x33f826cc      0x65c net/libnet.a(bootp.o)
                0x33f82a7c                BootpRequest
 .text          0x33f82d28      0x1a0 net/libnet.a(rarp.o)
                0x33f82d80                RarpRequest
 .text          0x33f82ec8        0x8 net/libnet.a(eth.o)
                0x33f82ec8                eth_initialize
 .text          0x33f82ed0      0xefc net/libnet.a(nfs.o)
                0x33f83b70                NfsStart
 .text          0x33f83dcc      0x5b4 drivers/libdrivers.a(cs8900.o)
                0x33f840e0                eth_halt
                0x33f83f18                cs8900_get_enetaddr
                0x33f842f4                cs8900_e2prom_read
                0x33f84328                cs8900_e2prom_write
                0x33f84184                eth_rx
                0x33f84100                eth_init
                0x33f84208                eth_send
 .text          0x33f84380      0x900 common/libcommon.a(main.o)
                0x33f84640                run_command
                0x33f84c04                do_run
                0x33f8445c                readline
                0x33f84a90                main_loop
 .text          0x33f84c80      0x260 common/libcommon.a(cmd_autoscript.o)
                0x33f84ea0                do_autoscript
                0x33f84c80                autoscript
 .text          0x33f84ee0       0xe4 common/libcommon.a(cmd_bdinfo.o)
                0x33f84ef4                do_bdinfo
 .text          0x33f84fc4       0x88 common/libcommon.a(cmd_boot.o)
                0x33f84fc4                do_go
 .text          0x33f8504c      0xffc common/libcommon.a(cmd_bootm.o)
                0x33f85070                print_image_hdr
                0x33f8504c                do_bootd
                0x33f85808                gunzip
                0x33f85964                do_bootm
                0x33f8578c                do_iminfo
 .text          0x33f86048      0x154 common/libcommon.a(cmd_cache.o)
                0x33f8608c                do_dcache
                0x33f86114                do_icache
 .text          0x33f8619c       0xd8 common/libcommon.a(cmd_console.o)
                0x33f8619c                do_coninfo
 .text          0x33f86274      0x33c common/libcommon.a(cmd_date.o)
                0x33f864a4                do_date
                0x33f862bc                mk_date
 .text          0x33f865b0      0x394 common/libcommon.a(cmd_elf.o)
                0x33f8689c                do_bootelf
                0x33f86720                do_bootvx
                0x33f865b0                valid_elf_image
                0x33f86604                load_elf_image
 .text          0x33f86944      0xb94 common/libcommon.a(cmd_flash.o)
                0x33f86e10                do_flinfo
                0x33f86ea8                flash_sect_erase
                0x33f8722c                do_protect
                0x33f86f8c                do_flerase
                0x33f8713c                flash_sect_protect
 .text          0x33f874d8      0x2f0 common/libcommon.a(cmd_itest.o)
                0x33f87540                binary_test
                0x33f8771c                do_itest
 .text          0x33f877c8      0xe4c common/libcommon.a(cmd_load.o)
                0x33f87cc4                k_data_init
                0x33f87b54                s1_sendpacket
                0x33f87e28                handle_send_packet
                0x33f87d50                k_data_restore
                0x33f87be4                send_nack
                0x33f8805c                do_load_serial_bin
                0x33f87db4                k_data_char
                0x33f87b24                chk1
                0x33f87cec                k_data_save
                0x33f87af8                ktrans
                0x33f87abc                send_pad
                0x33f87b80                send_ack
                0x33f877c8                do_load_serial
 .text          0x33f88614      0xb20 common/libcommon.a(cmd_mem.o)
                0x33f88c50                do_mem_base
                0x33f88894                do_mem_mw
                0x33f8907c                do_mem_crc
                0x33f8902c                do_mem_nm
                0x33f89054                do_mem_mm
                0x33f88b1c                do_mem_cp
                0x33f88d98                do_mem_mtest
                0x33f88960                do_mem_cmp
                0x33f88614                cmd_get_data_size
                0x33f88c94                do_mem_loop
                0x33f88688                do_mem_md
 .text          0x33f89134       0x9c common/libcommon.a(cmd_misc.o)
                0x33f89134                do_sleep
 .text          0x33f891d0      0x2f0 common/libcommon.a(cmd_net.o)
                0x33f8949c                do_rarpb
                0x33f894a8                do_tftpb
                0x33f894b4                do_bootp
                0x33f89490                do_nfs
 .text          0x33f894c0      0x8b8 common/libcommon.a(cmd_nvedit.o)
                0x33f89c0c                getenv
                0x33f896f0                _do_setenv
                0x33f89c88                getenv_r
                0x33f89534                do_printenv
                0x33f89b94                setenv
                0x33f89d4c                do_saveenv
                0x33f89bcc                do_setenv
 .text          0x33f89d78      0x308 common/libcommon.a(command.o)
                0x33f89d98                do_echo
                0x33f89e18                find_cmd
                0x33f89ec0                do_help
                0x33f89d78                do_version
 .text          0x33f8a080      0x570 common/libcommon.a(console.o)
                0x33f8a464                console_init_r
                0x33f8a2c0                printf
                0x33f8a3c4                console_assign
                0x33f8a24c                getc
                0x33f8a2a4                puts
                0x33f8a3b8                dbg
                0x33f8a128                serial_printf
                0x33f8a188                ftstc
                0x33f8a20c                fprintf
                0x33f8a264                tstc
                0x33f8a2f8                vprintf
                0x33f8a324                ctrlc
                0x33f8a27c                putc
                0x33f8a37c                disable_ctrlc
                0x33f8a160                fgetc
                0x33f8a394                had_ctrlc
                0x33f8a1b0                fputc
                0x33f8a454                console_init_f
                0x33f8a3a4                clear_ctrlc
                0x33f8a1e0                fputs
 .text          0x33f8a5f0       0xf0 common/libcommon.a(devices.o)
                0x33f8a5f0                device_register
                0x33f8a6c4                devices_done
                0x33f8a614                devices_init
 .text          0x33f8a6e0     0x1088 common/libcommon.a(dlmalloc.o)
                0x33f8aa00                malloc
                0x33f8b5c4                pvalloc
                0x33f8b5dc                calloc
                0x33f8b6b0                malloc_usable_size
                0x33f8b044                realloc
                0x33f8a714                malloc_trim
                0x33f8a6e0                malloc_bin_reloc
                0x33f8b6f0                mallopt
                0x33f8b4a8                memalign
                0x33f8b6ac                cfree
                0x33f8b5b8                valloc
                0x33f8a7ec                free
 .text          0x33f8b768      0x124 common/libcommon.a(env_common.o)
                0x33f8b7dc                env_get_addr
                0x33f8b7fc                env_relocate
                0x33f8b768                env_crc_update
                0x33f8b7bc                env_get_char_memory
 .text          0x33f8b88c      0x144 common/libcommon.a(env_flash.o)
                0x33f8b9b0                env_relocate_spec
                0x33f8b8f0                saveenv
                0x33f8b88c                env_get_char_spec
                0x33f8b898                env_init
 .text          0x33f8b9d0       0xc0 common/libcommon.a(exports.o)
                0x33f8b9dc                jumptable_init
                0x33f8b9d4                get_version
 .text          0x33f8ba90      0x3c4 common/libcommon.a(flash.o)
                0x33f8bbe0                flash_write
                0x33f8ba90                flash_protect
                0x33f8bb98                addr2info
                0x33f8bd68                flash_perror
 .text          0x33f8be54      0x3c8 common/libcommon.a(lists.o)
                0x33f8beb4                DisposeHandle
                0x33f8bfc0                ListDispose
                0x33f8bfc4                ListInsertItems
                0x33f8bfac                ListSetAllocationPolicy
                0x33f8c204                ListGetItemSize
                0x33f8c1f8                ListGetDataPtr
                0x33f8be54                NewHandle
                0x33f8bedc                SetHandleSize
                0x33f8c178                ListInsertItem
                0x33f8bed4                GetHandleSize
                0x33f8c210                ListNumItems
                0x33f8c1c8                ListGetPtrToItem
                0x33f8bf4c                ListCreate
                0x33f8c180                ListGetItems
 .text          0x33f8c21c      0x2f8 common/libcommon.a(s_record.o)
                0x33f8c290                srec_decode
 .text          0x33f8c514      0xa98 common/libcommon.a(xyzModem.o)
                0x33f8cf10                xyzModem_error
                0x33f8cde0                xyzModem_stream_close
                0x33f8c514                CYGACC_COMM_IF_GETC_TIMEOUT
                0x33f8c57c                parse_num
                0x33f8ce38                xyzModem_stream_terminate
                0x33f8c9c4                xyzModem_stream_open
                0x33f8c570                CYGACC_COMM_IF_PUTC
                0x33f8cb38                xyzModem_stream_read
 .text          0x33f8cfac       0x40 common/libcommon.a(crc16.o)
                0x33f8cfac                cyg_crc16
 .text          0x33f8cfec       0xfc lib_generic/libgeneric.a(crc32.o)
                0x33f8cfec                crc32
 .text          0x33f8d0e8       0xb4 lib_generic/libgeneric.a(display_options.o)
                0x33f8d0e8                display_options
                0x33f8d108                print_size
 .text          0x33f8d19c      0x5a0 lib_generic/libgeneric.a(string.o)
                0x33f8d19c                strcpy
                0x33f8d680                memscan
                0x33f8d5ec                memmove
                0x33f8d5c4                memcpy
                0x33f8d518                strswab
                0x33f8d34c                strnlen
                0x33f8d314                strrchr
                0x33f8d1dc                strcat
                0x33f8d70c                memchr
                0x33f8d6a4                strstr
                0x33f8d278                strncmp
                0x33f8d1b8                strncpy
                0x33f8d598                bcopy
                0x33f8d45c                strtok
                0x33f8d64c                memcmp
                0x33f8d208                strncat
                0x33f8d384                strdup
                0x33f8d574                memset
                0x33f8d248                strcmp
                0x33f8d4e0                strsep
                0x33f8d3bc                strspn
                0x33f8d2f0                strlen
                0x33f8d2c0                strchr
                0x33f8d41c                strpbrk
 .text          0x33f8d73c      0x7a8 lib_generic/libgeneric.a(vsprintf.o)
                0x33f8da98                vsprintf
                0x33f8d7f4                simple_strtol
                0x33f8de9c                panic
                0x33f8de7c                sprintf
                0x33f8d73c                simple_strtoul
 .text          0x33f8dee4     0x2bd8 lib_generic/libgeneric.a(zlib.o)
                0x33f8ecb0                inflate
                0x33f8e228                inflateInit2
                0x33f8e3e0                inflateIncomp
                0x33f90948                adler32
                0x33f8e0b4                inflateReset
                0x33f8e11c                inflateSync
                0x33f8e388                inflateInit
                0x33f8e014                inflateEnd
 .text          0x33f90abc      0x110 board/smdk2410/libsmdk2410.a(smdk2410.o)
                0x33f90bac                dram_init
                0x33f90abc                board_init
 .text          0x33f90bcc      0x6c4 board/smdk2410/libsmdk2410.a(flash.o)
                0x33f90dd8                flash_erase
                0x33f90bcc                flash_init
                0x33f90cc4                flash_print_info
                0x33f91100                write_buff
 .text          0x33f91290      0x118 cpu/arm920t/libarm920t.a(cpu.o)
                0x33f912d0                cleanup_before_linux
                0x33f9135c                dcache_enable
                0x33f912c8                cpu_init
                0x33f91310                icache_enable
                0x33f912f8                do_reset
                0x33f9132c                icache_disable
                0x33f91394                dcache_status
                0x33f91348                icache_status
                0x33f91378                dcache_disable
 .text          0x33f913a8       0xdc cpu/arm920t/s3c24x0/libs3c24x0.a(serial.o)
                0x33f913a8                serial_setbrg
                0x33f9144c                serial_tstc
                0x33f91424                serial_putc
                0x33f913fc                serial_init
                0x33f9145c                serial_puts
                0x33f9140c                serial_getc
 *fill*         0x33f91484       0x1c 00
 .text          0x33f914a0      0x140 lib_arm/libarm.a(_divsi3.o)
                0x33f914a0                __divsi3
 .text          0x33f915e0      0x100 lib_arm/libarm.a(_modsi3.o)
                0x33f915e0                __modsi3
 .text          0x33f916e0       0xb4 lib_arm/libarm.a(_umodsi3.o)
                0x33f916e0                __umodsi3
 .text          0x33f91794      0x274 lib_arm/libarm.a(armlinux.o)
                0x33f91794                do_bootm_linux
 .text          0x33f91a08        0x4 lib_arm/libarm.a(cache.o)
                0x33f91a08                flush_cache
 .text          0x33f91a0c      0x2b8 rtc/librtc.a(date.o)
                0x33f91a0c                GregorianDay
                0x33f91c24                mktime
                0x33f91afc                to_tm
 .text          0x33f91cc4      0x214 rtc/librtc.a(s3c24x0_rtc.o)
                0x33f91dfc                rtc_set
                0x33f91eb4                rtc_reset
                0x33f91d10                rtc_get

.glue_7         0x33f91ed8        0x0

.glue_7t        0x33f91ed8        0x0
                0x33f91ed8                . = ALIGN (0x4)

.rodata         0x33f91ed8      0x6fc
 *(.rodata)
 .rodata        0x33f91ed8       0x80 cpu/arm920t/libarm920t.a(interrupts.o)
 .rodata        0x33f91f58       0x28 lib_arm/libarm.a(board.o)
                0x33f91f58                version_string
 .rodata        0x33f91f80        0x8 net/libnet.a(net.o)
 .rodata        0x33f91f88        0x8 drivers/libdrivers.a(cs8900.o)
 .rodata        0x33f91f90       0x14 common/libcommon.a(cmd_nvedit.o)
 .rodata        0x33f91fa4      0x200 common/libcommon.a(crc16.o)
 .rodata        0x33f921a4      0x400 lib_generic/libgeneric.a(crc32.o)
 .rodata        0x33f925a4       0x30 rtc/librtc.a(date.o)

.rodata.str1.4  0x33f925d4     0x3c1f
 .rodata.str1.4
                0x33f925d4      0x293 cpu/arm920t/libarm920t.a(interrupts.o)
                                0x29c (size before relaxing)
 *fill*         0x33f92867        0x1 00
 .rodata.str1.4
                0x33f92868       0x75 lib_arm/libarm.a(board.o)
                                 0x7c (size before relaxing)
 *fill*         0x33f928dd        0x3 00
 .rodata.str1.4
                0x33f928e0      0x1c9 net/libnet.a(net.o)
                                0x1cc (size before relaxing)
 *fill*         0x33f92aa9        0x3 00
 .rodata.str1.4
                0x33f92aac      0x1cb net/libnet.a(tftp.o)
                                0x1d4 (size before relaxing)
 *fill*         0x33f92c77        0x1 00
 .rodata.str1.4
                0x33f92c78       0x84 net/libnet.a(bootp.o)
                                 0xb8 (size before relaxing)
 .rodata.str1.4
                0x33f92cfc       0x13 net/libnet.a(rarp.o)
                                 0x4c (size before relaxing)
 *fill*         0x33f92d0f        0x1 00
 .rodata.str1.4
                0x33f92d10      0x101 net/libnet.a(nfs.o)
                                0x18c (size before relaxing)
 *fill*         0x33f92e11        0x3 00
 .rodata.str1.4
                0x33f92e14       0xd2 drivers/libdrivers.a(cs8900.o)
                                 0xdc (size before relaxing)
 *fill*         0x33f92ee6        0x2 00
 .rodata.str1.4
                0x33f92ee8      0x100 common/libcommon.a(main.o)
 .rodata.str1.4
                0x33f92fe8       0xf6 common/libcommon.a(cmd_autoscript.o)
                                 0xf8 (size before relaxing)
 *fill*         0x33f930de        0x2 00
 .rodata.str1.4
                0x33f930e0       0xbf common/libcommon.a(cmd_bdinfo.o)
                                 0xc0 (size before relaxing)
 *fill*         0x33f9319f        0x1 00
 .rodata.str1.4
                0x33f931a0      0x10b common/libcommon.a(cmd_boot.o)
                                0x118 (size before relaxing)
 *fill*         0x33f932ab        0x1 00
 .rodata.str1.4
                0x33f932ac      0x8c5 common/libcommon.a(cmd_bootm.o)
                                0x908 (size before relaxing)
 *fill*         0x33f93b71        0x3 00
 .rodata.str1.4
                0x33f93b74      0x125 common/libcommon.a(cmd_cache.o)
                                0x13c (size before relaxing)
 *fill*         0x33f93c99        0x3 00
 .rodata.str1.4
                0x33f93c9c       0x70 common/libcommon.a(cmd_console.o)
                                 0x74 (size before relaxing)
 .rodata.str1.4
                0x33f93d0c      0x16c common/libcommon.a(cmd_date.o)
                                0x180 (size before relaxing)
 .rodata.str1.4
                0x33f93e78      0x2d7 common/libcommon.a(cmd_elf.o)
                                0x2f0 (size before relaxing)
 *fill*         0x33f9414f        0x1 00
 .rodata.str1.4
                0x33f94150      0x767 common/libcommon.a(cmd_flash.o)
                                0x780 (size before relaxing)
 *fill*         0x33f948b7        0x1 00
 .rodata.str1.4
                0x33f948b8       0xce common/libcommon.a(cmd_itest.o)
                                 0xdc (size before relaxing)
 *fill*         0x33f94986        0x2 00
 .rodata.str1.4
                0x33f94988      0x37c common/libcommon.a(cmd_load.o)
                                0x398 (size before relaxing)
 .rodata.str1.4
                0x33f94d04      0x629 common/libcommon.a(cmd_mem.o)
                                0x648 (size before relaxing)
 *fill*         0x33f9532d        0x3 00
 .rodata.str1.4
                0x33f95330       0x70 common/libcommon.a(cmd_misc.o)
                                 0x7c (size before relaxing)
 .rodata.str1.4
                0x33f953a0      0x1ad common/libcommon.a(cmd_net.o)
                                0x1fc (size before relaxing)
 *fill*         0x33f9554d        0x3 00
 .rodata.str1.4
                0x33f95550      0x31d common/libcommon.a(cmd_nvedit.o)
                                0x3b0 (size before relaxing)
 *fill*         0x33f9586d        0x3 00
 .rodata.str1.4
                0x33f95870      0x27e common/libcommon.a(command.o)
                                0x280 (size before relaxing)
 *fill*         0x33f95aee        0x2 00
 .rodata.str1.4
                0x33f95af0       0x75 common/libcommon.a(console.o)
                                 0x7c (size before relaxing)
 *fill*         0x33f95b65        0x3 00
 .rodata.str1.4
                0x33f95b68       0x2f common/libcommon.a(devices.o)
                                 0x48 (size before relaxing)
 *fill*         0x33f95b97        0x1 00
 .rodata.str1.4
                0x33f95b98       0x33 common/libcommon.a(env_common.o)
                                 0x34 (size before relaxing)
 *fill*         0x33f95bcb        0x1 00
 .rodata.str1.4
                0x33f95bcc       0x31 common/libcommon.a(env_flash.o)
                                 0x3c (size before relaxing)
 *fill*         0x33f95bfd        0x3 00
 .rodata.str1.4
                0x33f95c00      0x11d common/libcommon.a(flash.o)
                                0x120 (size before relaxing)
 *fill*         0x33f95d1d        0x3 00
 .rodata.str1.4
                0x33f95d20       0xf2 common/libcommon.a(xyzModem.o)
                                 0xf8 (size before relaxing)
 *fill*         0x33f95e12        0x2 00
 .rodata.str1.4
                0x33f95e14       0x17 lib_generic/libgeneric.a(display_options.o)
                                 0x20 (size before relaxing)
 *fill*         0x33f95e2b        0x1 00
 .rodata.str1.4
                0x33f95e2c       0x57 lib_generic/libgeneric.a(vsprintf.o)
                                 0x58 (size before relaxing)
 *fill*         0x33f95e83        0x1 00
 .rodata.str1.4
                0x33f95e84      0x20d lib_generic/libgeneric.a(zlib.o)
                                0x214 (size before relaxing)
 *fill*         0x33f96091        0x3 00
 .rodata.str1.4
                0x33f96094      0x101 board/smdk2410/libsmdk2410.a(flash.o)
                                0x108 (size before relaxing)
 *fill*         0x33f96195        0x3 00
 .rodata.str1.4
                0x33f96198       0x5b lib_arm/libarm.a(armlinux.o)
                                 0xb8 (size before relaxing)
                0x33f961f4                . = ALIGN (0x4)

.data           0x33f961f4      0x934
 *(.data)
 .data          0x33f961f4       0x2c lib_arm/libarm.a(board.o)
                0x33f961f4                init_sequence
 .data          0x33f96220        0xa net/libnet.a(net.o)
                0x33f96224                NetBcastAddr
                0x33f96220                NetOurNativeVLAN
                0x33f96222                NetOurVLAN
 *fill*         0x33f9622a        0x2 00
 .data          0x33f9622c        0x4 net/libnet.a(nfs.o)
 .data          0x33f96230       0x10 common/libcommon.a(main.o)
 .data          0x33f96240        0x4 common/libcommon.a(cmd_bootm.o)
                0x33f96240                load_addr
 .data          0x33f96244       0x1c common/libcommon.a(cmd_date.o)
                0x33f96244                weekdays
 .data          0x33f96260       0x68 common/libcommon.a(cmd_itest.o)
                0x33f96260                op_table
 .data          0x33f962c8        0x4 common/libcommon.a(cmd_load.o)
 .data          0x33f962cc        0x4 common/libcommon.a(cmd_mem.o)
                0x33f962cc                dp_last_length
 .data          0x33f962d0        0xc common/libcommon.a(devices.o)
                0x33f962d0                stdio_names
 .data          0x33f962dc      0x414 common/libcommon.a(dlmalloc.o)
 .data          0x33f966f0       0x5c common/libcommon.a(env_common.o)
                0x33f96748                env_get_char
                0x33f966f0                default_environment
 .data          0x33f9674c        0xc common/libcommon.a(env_flash.o)
                0x33f96750                env_name_spec
                0x33f9674c                env_ptr
 .data          0x33f96758      0x2a0 lib_generic/libgeneric.a(zlib.o)
                0x33f96778                zlib_version
                0x33f96758                z_errmsg
 .data          0x33f969f8      0x100 lib_generic/libgeneric.a(ctype.o)
                0x33f969f8                _ctype
 .data          0x33f96af8       0x30 rtc/librtc.a(date.o)
                0x33f96b28                . = ALIGN (0x4)

.got
 *(.got)
                0x33f96b28                . = .
                0x33f96b28                __u_boot_cmd_start = .

.u_boot_cmd     0x33f96b28      0x438
 *(.u_boot_cmd)
 .u_boot_cmd    0x33f96b28       0x18 common/libcommon.a(cmd_autoscript.o)
                0x33f96b28                __u_boot_cmd_autoscr
 .u_boot_cmd    0x33f96b40       0x18 common/libcommon.a(cmd_bdinfo.o)
                0x33f96b40                __u_boot_cmd_bdinfo
 .u_boot_cmd    0x33f96b58       0x30 common/libcommon.a(cmd_boot.o)
                0x33f96b58                __u_boot_cmd_reset
                0x33f96b70                __u_boot_cmd_go
 .u_boot_cmd    0x33f96b88       0x78 common/libcommon.a(cmd_bootm.o)
                0x33f96be8                __u_boot_cmd_bootm
                0x33f96ba0                __u_boot_cmd_iminfo
                0x33f96bb8                __u_boot_cmd_bootd
                0x33f96bd0                __u_boot_cmd_boot
                0x33f96b88                __u_boot_cmd_imls
 .u_boot_cmd    0x33f96c00       0x30 common/libcommon.a(cmd_cache.o)
                0x33f96c00                __u_boot_cmd_dcache
                0x33f96c18                __u_boot_cmd_icache
 .u_boot_cmd    0x33f96c30       0x18 common/libcommon.a(cmd_console.o)
                0x33f96c30                __u_boot_cmd_coninfo
 .u_boot_cmd    0x33f96c48       0x18 common/libcommon.a(cmd_date.o)
                0x33f96c48                __u_boot_cmd_date
 .u_boot_cmd    0x33f96c60       0x30 common/libcommon.a(cmd_elf.o)
                0x33f96c60                __u_boot_cmd_bootvx
                0x33f96c78                __u_boot_cmd_bootelf
 .u_boot_cmd    0x33f96c90       0x48 common/libcommon.a(cmd_flash.o)
                0x33f96cc0                __u_boot_cmd_flinfo
                0x33f96ca8                __u_boot_cmd_erase
                0x33f96c90                __u_boot_cmd_protect
 .u_boot_cmd    0x33f96cd8       0x18 common/libcommon.a(cmd_itest.o)
                0x33f96cd8                __u_boot_cmd_itest
 .u_boot_cmd    0x33f96cf0       0x48 common/libcommon.a(cmd_load.o)
                0x33f96cf0                __u_boot_cmd_loady
                0x33f96d08                __u_boot_cmd_loadb
                0x33f96d20                __u_boot_cmd_loads
 .u_boot_cmd    0x33f96d38       0xf0 common/libcommon.a(cmd_mem.o)
                0x33f96e10                __u_boot_cmd_md
                0x33f96d98                __u_boot_cmd_cmp
                0x33f96dc8                __u_boot_cmd_mw
                0x33f96d50                __u_boot_cmd_loop
                0x33f96d68                __u_boot_cmd_base
                0x33f96df8                __u_boot_cmd_mm
                0x33f96d80                __u_boot_cmd_crc32
                0x33f96de0                __u_boot_cmd_nm
                0x33f96d38                __u_boot_cmd_mtest
                0x33f96db0                __u_boot_cmd_cp
 .u_boot_cmd    0x33f96e28       0x18 common/libcommon.a(cmd_misc.o)
                0x33f96e28                __u_boot_cmd_sleep
 .u_boot_cmd    0x33f96e40       0x60 common/libcommon.a(cmd_net.o)
                0x33f96e40                __u_boot_cmd_nfs
                0x33f96e58                __u_boot_cmd_rarpboot
                0x33f96e70                __u_boot_cmd_tftpboot
                0x33f96e88                __u_boot_cmd_bootp
 .u_boot_cmd    0x33f96ea0       0x60 common/libcommon.a(cmd_nvedit.o)
                0x33f96ea0                __u_boot_cmd_run
                0x33f96eb8                __u_boot_cmd_saveenv
                0x33f96ee8                __u_boot_cmd_printenv
                0x33f96ed0                __u_boot_cmd_setenv
 .u_boot_cmd    0x33f96f00       0x60 common/libcommon.a(command.o)
                0x33f96f30                __u_boot_cmd_echo
                0x33f96f00                __u_boot_cmd_question_mark
                0x33f96f48                __u_boot_cmd_version
                0x33f96f18                __u_boot_cmd_help
                0x33f96f60                __u_boot_cmd_end = .
                0x33f96f60                . = ALIGN (0x4)
                0x33f96f60                __bss_start = .

.bss            0x33f96f60     0x4728
 *(.bss)
 .bss           0x33f96f60        0xc cpu/arm920t/s3c24x0/libs3c24x0.a(interrupts.o)
                0x33f96f60                timer_load_val
 .bss           0x33f96f6c       0x10 lib_arm/libarm.a(board.o)
                0x33f96f6c                monitor_flash_len
 .bss           0x33f96f7c     0x25c0 net/libnet.a(net.o)
                0x33f99528                NetArpWaitTry
                0x33f98ef8                NetArpWaitPacketMAC
                0x33f97020                NetOurEther
                0x33f97028                NetOurIP
                0x33f9702c                NetServerIP
                0x33f98f00                NetArpWaitTxPacketSize
                0x33f98ef4                NetArpWaitReplyIP
                0x33f97030                NetRxPackets
                0x33f98efc                NetArpWaitTxPacket
                0x33f96fee                NetOurNISDomain
                0x33f98ef0                NetArpWaitPacketIP
                0x33f9704c                NetState
                0x33f97050                BootFile
                0x33f96f86                NetServerEther
                0x33f97018                NetOurSubnetMask
                0x33f96f8c                NetBootFileSize
                0x33f97048                NetIPID
                0x33f96fce                NetOurHostName
                0x33f97040                NetRxPkt
                0x33f97014                NetOurGatewayIP
                0x33f96f80                NetEtherNullAddr
                0x33f98f04                NetArpWaitPacketBuf
                0x33f97044                NetRxPktLen
                0x33f96f7c                NetTxPacket
                0x33f9701c                NetBootFileXferSize
                0x33f97010                NetOurDNSIP
                0x33f970d0                PktBuf
                0x33f96f8e                NetOurRootPath
                0x33f99524                NetArpWaitTimerStart
 .bss           0x33f9953c       0x34 net/libnet.a(tftp.o)
 .bss           0x33f99570        0x8 net/libnet.a(bootp.o)
                0x33f99574                BootpTry
                0x33f99570                BootpID
 .bss           0x33f99578        0x4 net/libnet.a(rarp.o)
                0x33f99578                RarpTry
 .bss           0x33f9957c      0x8b0 net/libnet.a(nfs.o)
 .bss           0x33f99e2c      0x200 common/libcommon.a(main.o)
                0x33f99e2c                console_buffer
 .bss           0x33f9a02c       0x40 common/libcommon.a(cmd_bootm.o)
                0x33f9a02c                header
 .bss           0x33f9a06c       0x88 common/libcommon.a(cmd_load.o)
                0x33f9a098                his_pad_char
                0x33f9a06c                os_data_count
                0x33f9a09c                os_data_init
                0x33f9a0b8                send_ptr
                0x33f9a070                os_data_header
                0x33f9a0a0                os_data_char
                0x33f9a090                his_eol
                0x33f9a099                his_quote
                0x33f9a0a4                send_parms
                0x33f9a094                his_pad_count
 .bss           0x33f9a0f4       0x14 common/libcommon.a(cmd_mem.o)
                0x33f9a0f8                dp_last_size
                0x33f9a0f4                dp_last_addr
                0x33f9a100                mm_last_size
                0x33f9a0fc                mm_last_addr
 .bss           0x33f9a108        0x8 common/libcommon.a(console.o)
 .bss           0x33f9a110       0x10 common/libcommon.a(devices.o)
                0x33f9a11c                devlist
                0x33f9a110                stdio_devices
 .bss           0x33f9a120       0x3c common/libcommon.a(dlmalloc.o)
 .bss           0x33f9a15c      0x43c common/libcommon.a(xyzModem.o)
 .bss           0x33f9a598        0x4 lib_generic/libgeneric.a(string.o)
                0x33f9a598                ___strtok
 .bss           0x33f9a59c     0x10a8 lib_generic/libgeneric.a(zlib.o)
 .bss           0x33f9b644       0x44 board/smdk2410/libsmdk2410.a(flash.o)
                0x33f9b644                flash_info
                0x33f9b688                _end = .
Address of section .text set to 0x33f80000
LOAD cpu/arm920t/start.o
START GROUP
LOAD lib_generic/libgeneric.a
LOAD board/smdk2410/libsmdk2410.a
LOAD cpu/arm920t/libarm920t.a
LOAD cpu/arm920t/s3c24x0/libs3c24x0.a
LOAD lib_arm/libarm.a
LOAD fs/cramfs/libcramfs.a
LOAD fs/fat/libfat.a
LOAD fs/fdos/libfdos.a
LOAD fs/jffs2/libjffs2.a
LOAD fs/reiserfs/libreiserfs.a
LOAD fs/ext2/libext2fs.a
LOAD net/libnet.a
LOAD disk/libdisk.a
LOAD rtc/librtc.a
LOAD dtt/libdtt.a
LOAD drivers/libdrivers.a
LOAD drivers/nand/libnand.a
LOAD drivers/nand_legacy/libnand_legacy.a
LOAD drivers/sk98lin/libsk98lin.a
LOAD post/libpost.a
LOAD post/cpu/libcpu.a
LOAD common/libcommon.a
END GROUP
LOAD /home/jason/source/usr/local/arm/3.4.1/bin/../lib/gcc/arm-linux/3.4.1/libgcc.a
OUTPUT(u-boot elf32-littlearm)

.debug_line     0x00000000     0x59e3
 .debug_line    0x00000000       0xa3 cpu/arm920t/start.o
 .debug_line    0x000000a3       0x46 board/smdk2410/libsmdk2410.a(lowlevel_init.o)
 .debug_line    0x000000e9       0xb5 cpu/arm920t/libarm920t.a(interrupts.o)
 .debug_line    0x0000019e      0x136 cpu/arm920t/s3c24x0/libs3c24x0.a(interrupts.o)
 .debug_line    0x000002d4       0xd6 cpu/arm920t/s3c24x0/libs3c24x0.a(speed.o)
 .debug_line    0x000003aa       0x5c lib_arm/libarm.a(_udivsi3.o)
 .debug_line    0x00000406      0x191 lib_arm/libarm.a(board.o)
 .debug_line    0x00000597       0x33 lib_arm/libarm.a(div0.o)
 .debug_line    0x000005ca      0x5ef net/libnet.a(net.o)
 .debug_line    0x00000bb9      0x25e net/libnet.a(tftp.o)
 .debug_line    0x00000e17      0x2a3 net/libnet.a(bootp.o)
 .debug_line    0x000010ba       0xe4 net/libnet.a(rarp.o)
 .debug_line    0x0000119e       0xa5 net/libnet.a(eth.o)
 .debug_line    0x00001243      0x47a net/libnet.a(nfs.o)
 .debug_line    0x000016bd      0x173 drivers/libdrivers.a(cs8900.o)
 .debug_line    0x00001830      0x1e6 common/libcommon.a(main.o)
 .debug_line    0x00001a16      0x1d6 common/libcommon.a(cmd_autoscript.o)
 .debug_line    0x00001bec      0x107 common/libcommon.a(cmd_bdinfo.o)
 .debug_line    0x00001cf3       0xbf common/libcommon.a(cmd_boot.o)
 .debug_line    0x00001db2      0x4d5 common/libcommon.a(cmd_bootm.o)
 .debug_line    0x00002287       0xa1 common/libcommon.a(cmd_cache.o)
 .debug_line    0x00002328       0x9c common/libcommon.a(cmd_console.o)
 .debug_line    0x000023c4      0x148 common/libcommon.a(cmd_date.o)
 .debug_line    0x0000250c      0x190 common/libcommon.a(cmd_elf.o)
 .debug_line    0x0000269c      0x236 common/libcommon.a(cmd_flash.o)
 .debug_line    0x000028d2      0x104 common/libcommon.a(cmd_itest.o)
 .debug_line    0x000029d6      0x37e common/libcommon.a(cmd_load.o)
 .debug_line    0x00002d54      0x283 common/libcommon.a(cmd_mem.o)
 .debug_line    0x00002fd7       0xb8 common/libcommon.a(cmd_misc.o)
 .debug_line    0x0000308f      0x10e common/libcommon.a(cmd_net.o)
 .debug_line    0x0000319d      0x283 common/libcommon.a(cmd_nvedit.o)
 .debug_line    0x00003420      0x106 common/libcommon.a(command.o)
 .debug_line    0x00003526      0x240 common/libcommon.a(console.o)
 .debug_line    0x00003766      0x12c common/libcommon.a(devices.o)
 .debug_line    0x00003892      0x381 common/libcommon.a(dlmalloc.o)
 .debug_line    0x00003c13      0x12b common/libcommon.a(env_common.o)
 .debug_line    0x00003d3e      0x141 common/libcommon.a(env_flash.o)
 .debug_line    0x00003e7f       0xc5 common/libcommon.a(exports.o)
 .debug_line    0x00003f44      0x132 common/libcommon.a(flash.o)
 .debug_line    0x00004076       0xfa common/libcommon.a(lists.o)
 .debug_line    0x00004170       0xfc common/libcommon.a(s_record.o)
 .debug_line    0x0000426c      0x21d common/libcommon.a(xyzModem.o)
 .debug_line    0x00004489       0xaa common/libcommon.a(crc16.o)
 .debug_line    0x00004533       0x7a lib_generic/libgeneric.a(crc32.o)
 .debug_line    0x000045ad       0x94 lib_generic/libgeneric.a(display_options.o)
 .debug_line    0x00004641      0x1a4 lib_generic/libgeneric.a(string.o)
 .debug_line    0x000047e5      0x1d2 lib_generic/libgeneric.a(vsprintf.o)
 .debug_line    0x000049b7      0x5c3 lib_generic/libgeneric.a(zlib.o)
 .debug_line    0x00004f7a       0x25 lib_generic/libgeneric.a(ctype.o)
 .debug_line    0x00004f9f      0x13f board/smdk2410/libsmdk2410.a(smdk2410.o)
 .debug_line    0x000050de      0x1e8 board/smdk2410/libsmdk2410.a(flash.o)
 .debug_line    0x000052c6       0xcd cpu/arm920t/libarm920t.a(cpu.o)
 .debug_line    0x00005393      0x13a cpu/arm920t/s3c24x0/libs3c24x0.a(serial.o)
 .debug_line    0x000054cd       0x63 lib_arm/libarm.a(_divsi3.o)
 .debug_line    0x00005530       0x51 lib_arm/libarm.a(_modsi3.o)
 .debug_line    0x00005581       0x63 lib_arm/libarm.a(_umodsi3.o)
 .debug_line    0x000055e4      0x1e8 lib_arm/libarm.a(armlinux.o)
 .debug_line    0x000057cc       0x34 lib_arm/libarm.a(cache.o)
 .debug_line    0x00005800       0xb9 rtc/librtc.a(date.o)
 .debug_line    0x000058b9      0x12a rtc/librtc.a(s3c24x0_rtc.o)

.debug_info     0x00000000    0x12826
 .debug_info    0x00000000       0x5a cpu/arm920t/start.o
 .debug_info    0x0000005a       0x65 board/smdk2410/libsmdk2410.a(lowlevel_init.o)
 .debug_info    0x000000bf      0x242 cpu/arm920t/libarm920t.a(interrupts.o)
 .debug_info    0x00000301      0x439 cpu/arm920t/s3c24x0/libs3c24x0.a(interrupts.o)
 .debug_info    0x0000073a      0x1f2 cpu/arm920t/s3c24x0/libs3c24x0.a(speed.o)
 .debug_info    0x0000092c       0x59 lib_arm/libarm.a(_udivsi3.o)
 .debug_info    0x00000985      0x4dd lib_arm/libarm.a(board.o)
 .debug_info    0x00000e62       0x44 lib_arm/libarm.a(div0.o)
 .debug_info    0x00000ea6     0x14ed net/libnet.a(net.o)
 .debug_info    0x00002393      0x41a net/libnet.a(tftp.o)
 .debug_info    0x000027ad      0x8be net/libnet.a(bootp.o)
 .debug_info    0x0000306b      0x245 net/libnet.a(rarp.o)
 .debug_info    0x000032b0      0x17d net/libnet.a(eth.o)
 .debug_info    0x0000342d      0xe3a net/libnet.a(nfs.o)
 .debug_info    0x00004267      0x489 drivers/libdrivers.a(cs8900.o)
 .debug_info    0x000046f0      0x620 common/libcommon.a(main.o)
 .debug_info    0x00004d10      0x3fc common/libcommon.a(cmd_autoscript.o)
 .debug_info    0x0000510c      0x368 common/libcommon.a(cmd_bdinfo.o)
 .debug_info    0x00005474      0x1c8 common/libcommon.a(cmd_boot.o)
 .debug_info    0x0000563c     0x1362 common/libcommon.a(cmd_bootm.o)
 .debug_info    0x0000699e      0x218 common/libcommon.a(cmd_cache.o)
 .debug_info    0x00006bb6      0x37d common/libcommon.a(cmd_console.o)
 .debug_info    0x00006f33      0x4fb common/libcommon.a(cmd_date.o)
 .debug_info    0x0000742e      0x506 common/libcommon.a(cmd_elf.o)
 .debug_info    0x00007934      0x7ac common/libcommon.a(cmd_flash.o)
 .debug_info    0x000080e0      0x42a common/libcommon.a(cmd_itest.o)
 .debug_info    0x0000850a      0xd34 common/libcommon.a(cmd_load.o)
 .debug_info    0x0000923e      0xa16 common/libcommon.a(cmd_mem.o)
 .debug_info    0x00009c54      0x1aa common/libcommon.a(cmd_misc.o)
 .debug_info    0x00009dfe      0x4c3 common/libcommon.a(cmd_net.o)
 .debug_info    0x0000a2c1      0x825 common/libcommon.a(cmd_nvedit.o)
 .debug_info    0x0000aae6      0x3f4 common/libcommon.a(command.o)
 .debug_info    0x0000aeda      0x855 common/libcommon.a(console.o)
 .debug_info    0x0000b72f      0x485 common/libcommon.a(devices.o)
 .debug_info    0x0000bbb4      0xb59 common/libcommon.a(dlmalloc.o)
 .debug_info    0x0000c70d      0x364 common/libcommon.a(env_common.o)
 .debug_info    0x0000ca71      0x376 common/libcommon.a(env_flash.o)
 .debug_info    0x0000cde7      0x255 common/libcommon.a(exports.o)
 .debug_info    0x0000d03c      0x2f4 common/libcommon.a(flash.o)
 .debug_info    0x0000d330      0x4df common/libcommon.a(lists.o)
 .debug_info    0x0000d80f      0x17a common/libcommon.a(s_record.o)
 .debug_info    0x0000d989      0x625 common/libcommon.a(xyzModem.o)
 .debug_info    0x0000dfae      0x10f common/libcommon.a(crc16.o)
 .debug_info    0x0000e0bd      0x12a lib_generic/libgeneric.a(crc32.o)
 .debug_info    0x0000e1e7      0x120 lib_generic/libgeneric.a(display_options.o)
 .debug_info    0x0000e307      0x828 lib_generic/libgeneric.a(string.o)
 .debug_info    0x0000eb2f      0x401 lib_generic/libgeneric.a(vsprintf.o)
 .debug_info    0x0000ef30     0x16ca lib_generic/libgeneric.a(zlib.o)
 .debug_info    0x000105fa       0x56 lib_generic/libgeneric.a(ctype.o)
 .debug_info    0x00010650      0x64c board/smdk2410/libsmdk2410.a(smdk2410.o)
 .debug_info    0x00010c9c      0x3e0 board/smdk2410/libsmdk2410.a(flash.o)
 .debug_info    0x0001107c      0x2f0 cpu/arm920t/libarm920t.a(cpu.o)
 .debug_info    0x0001136c      0x47f cpu/arm920t/s3c24x0/libs3c24x0.a(serial.o)
 .debug_info    0x000117eb       0x58 lib_arm/libarm.a(_divsi3.o)
 .debug_info    0x00011843       0x58 lib_arm/libarm.a(_modsi3.o)
 .debug_info    0x0001189b       0x59 lib_arm/libarm.a(_umodsi3.o)
 .debug_info    0x000118f4      0x58b lib_arm/libarm.a(armlinux.o)
 .debug_info    0x00011e7f       0xa8 lib_arm/libarm.a(cache.o)
 .debug_info    0x00011f27      0x253 rtc/librtc.a(date.o)
 .debug_info    0x0001217a      0x6ac rtc/librtc.a(s3c24x0_rtc.o)

.debug_abbrev   0x00000000     0x4e86
 .debug_abbrev  0x00000000       0x14 cpu/arm920t/start.o
 .debug_abbrev  0x00000014       0x14 board/smdk2410/libsmdk2410.a(lowlevel_init.o)
 .debug_abbrev  0x00000028       0xe0 cpu/arm920t/libarm920t.a(interrupts.o)
 .debug_abbrev  0x00000108      0x1c8 cpu/arm920t/s3c24x0/libs3c24x0.a(interrupts.o)
 .debug_abbrev  0x000002d0       0xf8 cpu/arm920t/s3c24x0/libs3c24x0.a(speed.o)
 .debug_abbrev  0x000003c8       0x14 lib_arm/libarm.a(_udivsi3.o)
 .debug_abbrev  0x000003dc      0x1fc lib_arm/libarm.a(board.o)
 .debug_abbrev  0x000005d8       0x3a lib_arm/libarm.a(div0.o)
 .debug_abbrev  0x00000612      0x2e2 net/libnet.a(net.o)
 .debug_abbrev  0x000008f4      0x19e net/libnet.a(tftp.o)
 .debug_abbrev  0x00000a92      0x261 net/libnet.a(bootp.o)
 .debug_abbrev  0x00000cf3      0x108 net/libnet.a(rarp.o)
 .debug_abbrev  0x00000dfb       0xac net/libnet.a(eth.o)
 .debug_abbrev  0x00000ea7      0x2e3 net/libnet.a(nfs.o)
 .debug_abbrev  0x0000118a      0x1d7 drivers/libdrivers.a(cs8900.o)
 .debug_abbrev  0x00001361      0x208 common/libcommon.a(main.o)
 .debug_abbrev  0x00001569      0x141 common/libcommon.a(cmd_autoscript.o)
 .debug_abbrev  0x000016aa      0x119 common/libcommon.a(cmd_bdinfo.o)
 .debug_abbrev  0x000017c3       0xd6 common/libcommon.a(cmd_boot.o)
 .debug_abbrev  0x00001899      0x2c2 common/libcommon.a(cmd_bootm.o)
 .debug_abbrev  0x00001b5b       0xe5 common/libcommon.a(cmd_cache.o)
 .debug_abbrev  0x00001c40      0x134 common/libcommon.a(cmd_console.o)
 .debug_abbrev  0x00001d74      0x15a common/libcommon.a(cmd_date.o)
 .debug_abbrev  0x00001ece      0x178 common/libcommon.a(cmd_elf.o)
 .debug_abbrev  0x00002046      0x1a4 common/libcommon.a(cmd_flash.o)
 .debug_abbrev  0x000021ea      0x17f common/libcommon.a(cmd_itest.o)
 .debug_abbrev  0x00002369      0x301 common/libcommon.a(cmd_load.o)
 .debug_abbrev  0x0000266a      0x1c0 common/libcommon.a(cmd_mem.o)
 .debug_abbrev  0x0000282a       0xc7 common/libcommon.a(cmd_misc.o)
 .debug_abbrev  0x000028f1      0x17b common/libcommon.a(cmd_net.o)
 .debug_abbrev  0x00002a6c      0x22e common/libcommon.a(cmd_nvedit.o)
 .debug_abbrev  0x00002c9a      0x18b common/libcommon.a(command.o)
 .debug_abbrev  0x00002e25      0x23a common/libcommon.a(console.o)
 .debug_abbrev  0x0000305f      0x15b common/libcommon.a(devices.o)
 .debug_abbrev  0x000031ba      0x1d6 common/libcommon.a(dlmalloc.o)
 .debug_abbrev  0x00003390      0x149 common/libcommon.a(env_common.o)
 .debug_abbrev  0x000034d9      0x180 common/libcommon.a(env_flash.o)
 .debug_abbrev  0x00003659       0xf3 common/libcommon.a(exports.o)
 .debug_abbrev  0x0000374c      0x116 common/libcommon.a(flash.o)
 .debug_abbrev  0x00003862      0x18e common/libcommon.a(lists.o)
 .debug_abbrev  0x000039f0       0xac common/libcommon.a(s_record.o)
 .debug_abbrev  0x00003a9c      0x214 common/libcommon.a(xyzModem.o)
 .debug_abbrev  0x00003cb0       0x9f common/libcommon.a(crc16.o)
 .debug_abbrev  0x00003d4f       0x90 lib_generic/libgeneric.a(crc32.o)
 .debug_abbrev  0x00003ddf       0xc3 lib_generic/libgeneric.a(display_options.o)
 .debug_abbrev  0x00003ea2      0x136 lib_generic/libgeneric.a(string.o)
 .debug_abbrev  0x00003fd8      0x1ad lib_generic/libgeneric.a(vsprintf.o)
 .debug_abbrev  0x00004185      0x271 lib_generic/libgeneric.a(zlib.o)
 .debug_abbrev  0x000043f6       0x42 lib_generic/libgeneric.a(ctype.o)
 .debug_abbrev  0x00004438      0x17a board/smdk2410/libsmdk2410.a(smdk2410.o)
 .debug_abbrev  0x000045b2      0x19b board/smdk2410/libsmdk2410.a(flash.o)
 .debug_abbrev  0x0000474d      0x124 cpu/arm920t/libarm920t.a(cpu.o)
 .debug_abbrev  0x00004871      0x17c cpu/arm920t/s3c24x0/libs3c24x0.a(serial.o)
 .debug_abbrev  0x000049ed       0x14 lib_arm/libarm.a(_divsi3.o)
 .debug_abbrev  0x00004a01       0x14 lib_arm/libarm.a(_modsi3.o)
 .debug_abbrev  0x00004a15       0x14 lib_arm/libarm.a(_umodsi3.o)
 .debug_abbrev  0x00004a29      0x173 lib_arm/libarm.a(armlinux.o)
 .debug_abbrev  0x00004b9c       0x4e lib_arm/libarm.a(cache.o)
 .debug_abbrev  0x00004bea       0xdc rtc/librtc.a(date.o)
 .debug_abbrev  0x00004cc6      0x1c0 rtc/librtc.a(s3c24x0_rtc.o)

.debug_aranges  0x00000000      0x760
 .debug_aranges
                0x00000000       0x20 cpu/arm920t/start.o
 .debug_aranges
                0x00000020       0x20 board/smdk2410/libsmdk2410.a(lowlevel_init.o)
 .debug_aranges
                0x00000040       0x20 cpu/arm920t/libarm920t.a(interrupts.o)
 .debug_aranges
                0x00000060       0x20 cpu/arm920t/s3c24x0/libs3c24x0.a(interrupts.o)
 .debug_aranges
                0x00000080       0x20 cpu/arm920t/s3c24x0/libs3c24x0.a(speed.o)
 .debug_aranges
                0x000000a0       0x20 lib_arm/libarm.a(_udivsi3.o)
 .debug_aranges
                0x000000c0       0x20 lib_arm/libarm.a(board.o)
 .debug_aranges
                0x000000e0       0x20 lib_arm/libarm.a(div0.o)
 .debug_aranges
                0x00000100       0x20 net/libnet.a(net.o)
 .debug_aranges
                0x00000120       0x20 net/libnet.a(tftp.o)
 .debug_aranges
                0x00000140       0x20 net/libnet.a(bootp.o)
 .debug_aranges
                0x00000160       0x20 net/libnet.a(rarp.o)
 .debug_aranges
                0x00000180       0x20 net/libnet.a(eth.o)
 .debug_aranges
                0x000001a0       0x20 net/libnet.a(nfs.o)
 .debug_aranges
                0x000001c0       0x20 drivers/libdrivers.a(cs8900.o)
 .debug_aranges
                0x000001e0       0x20 common/libcommon.a(main.o)
 .debug_aranges
                0x00000200       0x20 common/libcommon.a(cmd_autoscript.o)
 .debug_aranges
                0x00000220       0x20 common/libcommon.a(cmd_bdinfo.o)
 .debug_aranges
                0x00000240       0x20 common/libcommon.a(cmd_boot.o)
 .debug_aranges
                0x00000260       0x20 common/libcommon.a(cmd_bootm.o)
 .debug_aranges
                0x00000280       0x20 common/libcommon.a(cmd_cache.o)
 .debug_aranges
                0x000002a0       0x20 common/libcommon.a(cmd_console.o)
 .debug_aranges
                0x000002c0       0x20 common/libcommon.a(cmd_date.o)
 .debug_aranges
                0x000002e0       0x20 common/libcommon.a(cmd_elf.o)
 .debug_aranges
                0x00000300       0x20 common/libcommon.a(cmd_flash.o)
 .debug_aranges
                0x00000320       0x20 common/libcommon.a(cmd_itest.o)
 .debug_aranges
                0x00000340       0x20 common/libcommon.a(cmd_load.o)
 .debug_aranges
                0x00000360       0x20 common/libcommon.a(cmd_mem.o)
 .debug_aranges
                0x00000380       0x20 common/libcommon.a(cmd_misc.o)
 .debug_aranges
                0x000003a0       0x20 common/libcommon.a(cmd_net.o)
 .debug_aranges
                0x000003c0       0x20 common/libcommon.a(cmd_nvedit.o)
 .debug_aranges
                0x000003e0       0x20 common/libcommon.a(command.o)
 .debug_aranges
                0x00000400       0x20 common/libcommon.a(console.o)
 .debug_aranges
                0x00000420       0x20 common/libcommon.a(devices.o)
 .debug_aranges
                0x00000440       0x20 common/libcommon.a(dlmalloc.o)
 .debug_aranges
                0x00000460       0x20 common/libcommon.a(env_common.o)
 .debug_aranges
                0x00000480       0x20 common/libcommon.a(env_flash.o)
 .debug_aranges
                0x000004a0       0x20 common/libcommon.a(exports.o)
 .debug_aranges
                0x000004c0       0x20 common/libcommon.a(flash.o)
 .debug_aranges
                0x000004e0       0x20 common/libcommon.a(lists.o)
 .debug_aranges
                0x00000500       0x20 common/libcommon.a(s_record.o)
 .debug_aranges
                0x00000520       0x20 common/libcommon.a(xyzModem.o)
 .debug_aranges
                0x00000540       0x20 common/libcommon.a(crc16.o)
 .debug_aranges
                0x00000560       0x20 lib_generic/libgeneric.a(crc32.o)
 .debug_aranges
                0x00000580       0x20 lib_generic/libgeneric.a(display_options.o)
 .debug_aranges
                0x000005a0       0x20 lib_generic/libgeneric.a(string.o)
 .debug_aranges
                0x000005c0       0x20 lib_generic/libgeneric.a(vsprintf.o)
 .debug_aranges
                0x000005e0       0x20 lib_generic/libgeneric.a(zlib.o)
 .debug_aranges
                0x00000600       0x20 board/smdk2410/libsmdk2410.a(smdk2410.o)
 .debug_aranges
                0x00000620       0x20 board/smdk2410/libsmdk2410.a(flash.o)
 .debug_aranges
                0x00000640       0x20 cpu/arm920t/libarm920t.a(cpu.o)
 .debug_aranges
                0x00000660       0x20 cpu/arm920t/s3c24x0/libs3c24x0.a(serial.o)
 .debug_aranges
                0x00000680       0x20 lib_arm/libarm.a(_divsi3.o)
 .debug_aranges
                0x000006a0       0x20 lib_arm/libarm.a(_modsi3.o)
 .debug_aranges
                0x000006c0       0x20 lib_arm/libarm.a(_umodsi3.o)
 .debug_aranges
                0x000006e0       0x20 lib_arm/libarm.a(armlinux.o)
 .debug_aranges
                0x00000700       0x20 lib_arm/libarm.a(cache.o)
 .debug_aranges
                0x00000720       0x20 rtc/librtc.a(date.o)
 .debug_aranges
                0x00000740       0x20 rtc/librtc.a(s3c24x0_rtc.o)

.debug_frame    0x00000000     0x261c
 .debug_frame   0x00000000      0x110 cpu/arm920t/libarm920t.a(interrupts.o)
 .debug_frame   0x00000110       0xf8 cpu/arm920t/s3c24x0/libs3c24x0.a(interrupts.o)
 .debug_frame   0x00000208       0x78 cpu/arm920t/s3c24x0/libs3c24x0.a(speed.o)
 .debug_frame   0x00000280       0x9c lib_arm/libarm.a(board.o)
 .debug_frame   0x0000031c       0x20 lib_arm/libarm.a(div0.o)
 .debug_frame   0x0000033c      0x270 net/libnet.a(net.o)
 .debug_frame   0x000005ac       0x8c net/libnet.a(tftp.o)
 .debug_frame   0x00000638       0x8c net/libnet.a(bootp.o)
 .debug_frame   0x000006c4       0x60 net/libnet.a(rarp.o)
 .debug_frame   0x00000724       0x20 net/libnet.a(eth.o)
 .debug_frame   0x00000744      0x150 net/libnet.a(nfs.o)
 .debug_frame   0x00000894      0x148 drivers/libdrivers.a(cs8900.o)
 .debug_frame   0x000009dc       0xb8 common/libcommon.a(main.o)
 .debug_frame   0x00000a94       0x4c common/libcommon.a(cmd_autoscript.o)
 .debug_frame   0x00000ae0       0x3c common/libcommon.a(cmd_bdinfo.o)
 .debug_frame   0x00000b1c       0x2c common/libcommon.a(cmd_boot.o)
 .debug_frame   0x00000b48      0x120 common/libcommon.a(cmd_bootm.o)
 .debug_frame   0x00000c68       0x58 common/libcommon.a(cmd_cache.o)
 .debug_frame   0x00000cc0       0x30 common/libcommon.a(cmd_console.o)
 .debug_frame   0x00000cf0       0x64 common/libcommon.a(cmd_date.o)
 .debug_frame   0x00000d54       0x88 common/libcommon.a(cmd_elf.o)
 .debug_frame   0x00000ddc      0x124 common/libcommon.a(cmd_flash.o)
 .debug_frame   0x00000f00       0x74 common/libcommon.a(cmd_itest.o)
 .debug_frame   0x00000f74      0x198 common/libcommon.a(cmd_load.o)
 .debug_frame   0x0000110c      0x184 common/libcommon.a(cmd_mem.o)
 .debug_frame   0x00001290       0x30 common/libcommon.a(cmd_misc.o)
 .debug_frame   0x000012c0       0x74 common/libcommon.a(cmd_net.o)
 .debug_frame   0x00001334      0x108 common/libcommon.a(cmd_nvedit.o)
 .debug_frame   0x0000143c       0x98 common/libcommon.a(command.o)
 .debug_frame   0x000014d4      0x214 common/libcommon.a(console.o)
 .debug_frame   0x000016e8       0x5c common/libcommon.a(devices.o)
 .debug_frame   0x00001744      0x13c common/libcommon.a(dlmalloc.o)
 .debug_frame   0x00001880       0x7c common/libcommon.a(env_common.o)
 .debug_frame   0x000018fc       0x68 common/libcommon.a(env_flash.o)
 .debug_frame   0x00001964       0x48 common/libcommon.a(exports.o)
 .debug_frame   0x000019ac       0x88 common/libcommon.a(flash.o)
 .debug_frame   0x00001a34      0x134 common/libcommon.a(lists.o)
 .debug_frame   0x00001b68       0x64 common/libcommon.a(s_record.o)
 .debug_frame   0x00001bcc      0x128 common/libcommon.a(xyzModem.o)
 .debug_frame   0x00001cf4       0x20 common/libcommon.a(crc16.o)
 .debug_frame   0x00001d14       0x28 lib_generic/libgeneric.a(crc32.o)
 .debug_frame   0x00001d3c       0x48 lib_generic/libgeneric.a(display_options.o)
 .debug_frame   0x00001d84      0x1dc lib_generic/libgeneric.a(string.o)
 .debug_frame   0x00001f60       0xe8 lib_generic/libgeneric.a(vsprintf.o)
 .debug_frame   0x00002048      0x1f4 lib_generic/libgeneric.a(zlib.o)
 .debug_frame   0x0000223c       0x38 board/smdk2410/libsmdk2410.a(smdk2410.o)
 .debug_frame   0x00002274       0xb4 board/smdk2410/libsmdk2410.a(flash.o)
 .debug_frame   0x00002328      0x114 cpu/arm920t/libarm920t.a(cpu.o)
 .debug_frame   0x0000243c       0x88 cpu/arm920t/s3c24x0/libs3c24x0.a(serial.o)
 .debug_frame   0x000024c4       0x38 lib_arm/libarm.a(armlinux.o)
 .debug_frame   0x000024fc       0x20 lib_arm/libarm.a(cache.o)
 .debug_frame   0x0000251c       0x6c rtc/librtc.a(date.o)
 .debug_frame   0x00002588       0x94 rtc/librtc.a(s3c24x0_rtc.o)

.debug_pubnames
                0x00000000     0x1d37
 .debug_pubnames
                0x00000000       0xdf cpu/arm920t/libarm920t.a(interrupts.o)
 .debug_pubnames
                0x000000df       0xd7 cpu/arm920t/s3c24x0/libs3c24x0.a(interrupts.o)
 .debug_pubnames
                0x000001b6       0x46 cpu/arm920t/s3c24x0/libs3c24x0.a(speed.o)
 .debug_pubnames
                0x000001fc       0x71 lib_arm/libarm.a(board.o)
 .debug_pubnames
                0x0000026d       0x1d lib_arm/libarm.a(div0.o)
 .debug_pubnames
                0x0000028a      0x3d7 net/libnet.a(net.o)
 .debug_pubnames
                0x00000661       0x20 net/libnet.a(tftp.o)
 .debug_pubnames
                0x00000681       0x3c net/libnet.a(bootp.o)
 .debug_pubnames
                0x000006bd       0x2e net/libnet.a(rarp.o)
 .debug_pubnames
                0x000006eb       0x25 net/libnet.a(eth.o)
 .debug_pubnames
                0x00000710       0x1f net/libnet.a(nfs.o)
 .debug_pubnames
                0x0000072f       0x8b drivers/libdrivers.a(cs8900.o)
 .debug_pubnames
                0x000007ba       0x5b common/libcommon.a(main.o)
 .debug_pubnames
                0x00000815       0x4c common/libcommon.a(cmd_autoscript.o)
 .debug_pubnames
                0x00000861       0x38 common/libcommon.a(cmd_bdinfo.o)
 .debug_pubnames
                0x00000899       0x47 common/libcommon.a(cmd_boot.o)
 .debug_pubnames
                0x000008e0       0xe4 common/libcommon.a(cmd_bootm.o)
 .debug_pubnames
                0x000009c4       0x5e common/libcommon.a(cmd_cache.o)
 .debug_pubnames
                0x00000a22       0x3a common/libcommon.a(cmd_console.o)
 .debug_pubnames
                0x00000a5c       0x4d common/libcommon.a(cmd_date.o)
 .debug_pubnames
                0x00000aa9       0x87 common/libcommon.a(cmd_elf.o)
 .debug_pubnames
                0x00000b30       0xb2 common/libcommon.a(cmd_flash.o)
 .debug_pubnames
                0x00000be2       0x53 common/libcommon.a(cmd_itest.o)
 .debug_pubnames
                0x00000c35      0x1c9 common/libcommon.a(cmd_load.o)
 .debug_pubnames
                0x00000dfe      0x1e7 common/libcommon.a(cmd_mem.o)
 .debug_pubnames
                0x00000fe5       0x36 common/libcommon.a(cmd_misc.o)
 .debug_pubnames
                0x0000101b       0xa4 common/libcommon.a(cmd_net.o)
 .debug_pubnames
                0x000010bf       0xd1 common/libcommon.a(cmd_nvedit.o)
 .debug_pubnames
                0x00001190       0xaa common/libcommon.a(command.o)
 .debug_pubnames
                0x0000123a      0x10e common/libcommon.a(console.o)
 .debug_pubnames
                0x00001348       0x76 common/libcommon.a(devices.o)
 .debug_pubnames
                0x000013be       0xb3 common/libcommon.a(dlmalloc.o)
 .debug_pubnames
                0x00001471       0x88 common/libcommon.a(env_common.o)
 .debug_pubnames
                0x000014f9       0x75 common/libcommon.a(env_flash.o)
 .debug_pubnames
                0x0000156e       0x35 common/libcommon.a(exports.o)
 .debug_pubnames
                0x000015a3       0x53 common/libcommon.a(flash.o)
 .debug_pubnames
                0x000015f6      0x116 common/libcommon.a(lists.o)
 .debug_pubnames
                0x0000170c       0x22 common/libcommon.a(s_record.o)
 .debug_pubnames
                0x0000172e       0xd5 common/libcommon.a(xyzModem.o)
 .debug_pubnames
                0x00001803       0x20 common/libcommon.a(crc16.o)
 .debug_pubnames
                0x00001823       0x1c lib_generic/libgeneric.a(crc32.o)
 .debug_pubnames
                0x0000183f       0x35 lib_generic/libgeneric.a(display_options.o)
 .debug_pubnames
                0x00001874      0x130 lib_generic/libgeneric.a(string.o)
 .debug_pubnames
                0x000019a4       0x5a lib_generic/libgeneric.a(vsprintf.o)
 .debug_pubnames
                0x000019fe       0xab lib_generic/libgeneric.a(zlib.o)
 .debug_pubnames
                0x00001aa9       0x1d lib_generic/libgeneric.a(ctype.o)
 .debug_pubnames
                0x00001ac6       0x2f board/smdk2410/libsmdk2410.a(smdk2410.o)
 .debug_pubnames
                0x00001af5       0x64 board/smdk2410/libsmdk2410.a(flash.o)
 .debug_pubnames
                0x00001b59       0xb3 cpu/arm920t/libarm920t.a(cpu.o)
 .debug_pubnames
                0x00001c0c       0x74 cpu/arm920t/s3c24x0/libs3c24x0.a(serial.o)
 .debug_pubnames
                0x00001c80       0x25 lib_arm/libarm.a(armlinux.o)
 .debug_pubnames
                0x00001ca5       0x22 lib_arm/libarm.a(cache.o)
 .debug_pubnames
                0x00001cc7       0x38 rtc/librtc.a(date.o)
 .debug_pubnames
                0x00001cff       0x38 rtc/librtc.a(s3c24x0_rtc.o)

.debug_str      0x00000000     0x383d
 .debug_str     0x00000000      0x154 cpu/arm920t/libarm920t.a(interrupts.o)
                                0x198 (size before relaxing)
 .debug_str     0x00000154      0x1a8 cpu/arm920t/s3c24x0/libs3c24x0.a(interrupts.o)
                                0x26a (size before relaxing)
 .debug_str     0x000002fc       0xa1 cpu/arm920t/s3c24x0/libs3c24x0.a(speed.o)
                                0x177 (size before relaxing)
 .debug_str     0x0000039d      0x216 lib_arm/libarm.a(board.o)
                                0x2d5 (size before relaxing)
 .debug_str     0x000005b3        0xe lib_arm/libarm.a(div0.o)
                                 0x47 (size before relaxing)
 .debug_str     0x000005c1      0x5ad net/libnet.a(net.o)
                                0x776 (size before relaxing)
 .debug_str     0x00000b6e       0xec net/libnet.a(tftp.o)
                                0x274 (size before relaxing)
 .debug_str     0x00000c5a      0x176 net/libnet.a(bootp.o)
                                0x372 (size before relaxing)
 .debug_str     0x00000dd0       0x4c net/libnet.a(rarp.o)
                                0x190 (size before relaxing)
 .debug_str     0x00000e1c       0x15 net/libnet.a(eth.o)
                                0x14a (size before relaxing)
 .debug_str     0x00000e31      0x26b net/libnet.a(nfs.o)
                                0x459 (size before relaxing)
 .debug_str     0x0000109c       0xfa drivers/libdrivers.a(cs8900.o)
                                0x249 (size before relaxing)
 .debug_str     0x00001196      0x16e common/libcommon.a(main.o)
                                0x235 (size before relaxing)
 .debug_str     0x00001304       0xc7 common/libcommon.a(cmd_autoscript.o)
                                0x21c (size before relaxing)
 .debug_str     0x000013cb       0x35 common/libcommon.a(cmd_bdinfo.o)
                                0x211 (size before relaxing)
 .debug_str     0x00001400       0x34 common/libcommon.a(cmd_boot.o)
                                0x14d (size before relaxing)
 .debug_str     0x00001434      0x2b8 common/libcommon.a(cmd_bootm.o)
                                0x5b1 (size before relaxing)
 .debug_str     0x000016ec       0x4f common/libcommon.a(cmd_cache.o)
                                0x157 (size before relaxing)
 .debug_str     0x0000173b       0xca common/libcommon.a(cmd_console.o)
                                0x1ec (size before relaxing)
 .debug_str     0x00001805       0x52 common/libcommon.a(cmd_date.o)
                                0x282 (size before relaxing)
 .debug_str     0x00001857      0x1ac common/libcommon.a(cmd_elf.o)
                                0x2fa (size before relaxing)
 .debug_str     0x00001a03      0x14d common/libcommon.a(cmd_flash.o)
                                0x2ca (size before relaxing)
 .debug_str     0x00001b50       0x90 common/libcommon.a(cmd_itest.o)
                                0x1a8 (size before relaxing)
 .debug_str     0x00001be0      0x322 common/libcommon.a(cmd_load.o)
                                0x589 (size before relaxing)
 .debug_str     0x00001f02      0x224 common/libcommon.a(cmd_mem.o)
                                0x381 (size before relaxing)
 .debug_str     0x00002126       0x27 common/libcommon.a(cmd_misc.o)
                                0x141 (size before relaxing)
 .debug_str     0x0000214d       0x9e common/libcommon.a(cmd_net.o)
                                0x283 (size before relaxing)
 .debug_str     0x000021eb       0xe3 common/libcommon.a(cmd_nvedit.o)
                                0x30b (size before relaxing)
 .debug_str     0x000022ce       0xd1 common/libcommon.a(command.o)
                                0x1f6 (size before relaxing)
 .debug_str     0x0000239f       0xee common/libcommon.a(console.o)
                                0x379 (size before relaxing)
 .debug_str     0x0000248d       0x44 common/libcommon.a(devices.o)
                                0x283 (size before relaxing)
 .debug_str     0x000024d1      0x2ac common/libcommon.a(dlmalloc.o)
                                0x49e (size before relaxing)
 .debug_str     0x0000277d       0x7e common/libcommon.a(env_common.o)
                                0x226 (size before relaxing)
 .debug_str     0x000027fb       0x5f common/libcommon.a(env_flash.o)
                                0x241 (size before relaxing)
 .debug_str     0x0000285a       0x25 common/libcommon.a(exports.o)
                                0x1b5 (size before relaxing)
 .debug_str     0x0000287f       0x46 common/libcommon.a(flash.o)
                                0x185 (size before relaxing)
 .debug_str     0x000028c5      0x1dc common/libcommon.a(lists.o)
                                0x310 (size before relaxing)
 .debug_str     0x00002aa1       0x3a common/libcommon.a(s_record.o)
                                0x112 (size before relaxing)
 .debug_str     0x00002adb      0x1bd common/libcommon.a(xyzModem.o)
                                0x2d3 (size before relaxing)
 .debug_str     0x00002c98       0x1c common/libcommon.a(crc16.o)
                                 0xed (size before relaxing)
 .debug_str     0x00002cb4       0x45 lib_generic/libgeneric.a(crc32.o)
                                 0xf6 (size before relaxing)
 .debug_str     0x00002cf9       0x2d lib_generic/libgeneric.a(display_options.o)
                                0x108 (size before relaxing)
 .debug_str     0x00002d26       0xd0 lib_generic/libgeneric.a(string.o)
                                0x1d0 (size before relaxing)
 .debug_str     0x00002df6       0x79 lib_generic/libgeneric.a(vsprintf.o)
                                0x19e (size before relaxing)
 .debug_str     0x00002e6f      0x3c5 lib_generic/libgeneric.a(zlib.o)
                                0x5b0 (size before relaxing)
 .debug_str     0x00003234        0x8 lib_generic/libgeneric.a(ctype.o)
                                 0x62 (size before relaxing)
 .debug_str     0x0000323c      0x1c8 board/smdk2410/libsmdk2410.a(smdk2410.o)
                                0x39b (size before relaxing)
 .debug_str     0x00003404       0x62 board/smdk2410/libsmdk2410.a(flash.o)
                                0x1ce (size before relaxing)
 .debug_str     0x00003466       0xa5 cpu/arm920t/libarm920t.a(cpu.o)
                                0x1be (size before relaxing)
 .debug_str     0x0000350b       0xfb cpu/arm920t/s3c24x0/libs3c24x0.a(serial.o)
                                0x29c (size before relaxing)
 .debug_str     0x00003606       0x46 lib_arm/libarm.a(armlinux.o)
                                0x2ea (size before relaxing)
 .debug_str     0x0000364c       0x1a lib_arm/libarm.a(cache.o)
                                 0xdf (size before relaxing)
 .debug_str     0x00003666       0x6a rtc/librtc.a(date.o)
                                0x15f (size before relaxing)
 .debug_str     0x000036d0      0x16d rtc/librtc.a(s3c24x0_rtc.o)
                                0x2b7 (size before relaxing)

.comment        0x00000000      0x3cc
 .comment       0x00000000       0x12 cpu/arm920t/libarm920t.a(interrupts.o)
 .comment       0x00000012       0x12 cpu/arm920t/s3c24x0/libs3c24x0.a(interrupts.o)
 .comment       0x00000024       0x12 cpu/arm920t/s3c24x0/libs3c24x0.a(speed.o)
 .comment       0x00000036       0x12 lib_arm/libarm.a(board.o)
 .comment       0x00000048       0x12 lib_arm/libarm.a(div0.o)
 .comment       0x0000005a       0x12 net/libnet.a(net.o)
 .comment       0x0000006c       0x12 net/libnet.a(tftp.o)
 .comment       0x0000007e       0x12 net/libnet.a(bootp.o)
 .comment       0x00000090       0x12 net/libnet.a(rarp.o)
 .comment       0x000000a2       0x12 net/libnet.a(eth.o)
 .comment       0x000000b4       0x12 net/libnet.a(nfs.o)
 .comment       0x000000c6       0x12 drivers/libdrivers.a(cs8900.o)
 .comment       0x000000d8       0x12 common/libcommon.a(main.o)
 .comment       0x000000ea       0x12 common/libcommon.a(cmd_autoscript.o)
 .comment       0x000000fc       0x12 common/libcommon.a(cmd_bdinfo.o)
 .comment       0x0000010e       0x12 common/libcommon.a(cmd_boot.o)
 .comment       0x00000120       0x12 common/libcommon.a(cmd_bootm.o)
 .comment       0x00000132       0x12 common/libcommon.a(cmd_cache.o)
 .comment       0x00000144       0x12 common/libcommon.a(cmd_console.o)
 .comment       0x00000156       0x12 common/libcommon.a(cmd_date.o)
 .comment       0x00000168       0x12 common/libcommon.a(cmd_elf.o)
 .comment       0x0000017a       0x12 common/libcommon.a(cmd_flash.o)
 .comment       0x0000018c       0x12 common/libcommon.a(cmd_itest.o)
 .comment       0x0000019e       0x12 common/libcommon.a(cmd_load.o)
 .comment       0x000001b0       0x12 common/libcommon.a(cmd_mem.o)
 .comment       0x000001c2       0x12 common/libcommon.a(cmd_misc.o)
 .comment       0x000001d4       0x12 common/libcommon.a(cmd_net.o)
 .comment       0x000001e6       0x12 common/libcommon.a(cmd_nvedit.o)
 .comment       0x000001f8       0x12 common/libcommon.a(command.o)
 .comment       0x0000020a       0x12 common/libcommon.a(console.o)
 .comment       0x0000021c       0x12 common/libcommon.a(devices.o)
 .comment       0x0000022e       0x12 common/libcommon.a(dlmalloc.o)
 .comment       0x00000240       0x12 common/libcommon.a(env_common.o)
 .comment       0x00000252       0x12 common/libcommon.a(env_flash.o)
 .comment       0x00000264       0x12 common/libcommon.a(exports.o)
 .comment       0x00000276       0x12 common/libcommon.a(flash.o)
 .comment       0x00000288       0x12 common/libcommon.a(lists.o)
 .comment       0x0000029a       0x12 common/libcommon.a(s_record.o)
 .comment       0x000002ac       0x12 common/libcommon.a(xyzModem.o)
 .comment       0x000002be       0x12 common/libcommon.a(crc16.o)
 .comment       0x000002d0       0x12 lib_generic/libgeneric.a(crc32.o)
 .comment       0x000002e2       0x12 lib_generic/libgeneric.a(display_options.o)
 .comment       0x000002f4       0x12 lib_generic/libgeneric.a(string.o)
 .comment       0x00000306       0x12 lib_generic/libgeneric.a(vsprintf.o)
 .comment       0x00000318       0x12 lib_generic/libgeneric.a(zlib.o)
 .comment       0x0000032a       0x12 lib_generic/libgeneric.a(ctype.o)
 .comment       0x0000033c       0x12 board/smdk2410/libsmdk2410.a(smdk2410.o)
 .comment       0x0000034e       0x12 board/smdk2410/libsmdk2410.a(flash.o)
 .comment       0x00000360       0x12 cpu/arm920t/libarm920t.a(cpu.o)
 .comment       0x00000372       0x12 cpu/arm920t/s3c24x0/libs3c24x0.a(serial.o)
 .comment       0x00000384       0x12 lib_arm/libarm.a(armlinux.o)
 .comment       0x00000396       0x12 lib_arm/libarm.a(cache.o)
 .comment       0x000003a8       0x12 rtc/librtc.a(date.o)
 .comment       0x000003ba       0x12 rtc/librtc.a(s3c24x0_rtc.o)

.debug_ranges   0x00000000      0x590
 .debug_ranges  0x00000000       0x38 cpu/arm920t/s3c24x0/libs3c24x0.a(interrupts.o)
 .debug_ranges  0x00000038       0x18 lib_arm/libarm.a(board.o)
 .debug_ranges  0x00000050       0xa0 net/libnet.a(net.o)
 .debug_ranges  0x000000f0       0x20 net/libnet.a(tftp.o)
 .debug_ranges  0x00000110       0x30 net/libnet.a(bootp.o)
 .debug_ranges  0x00000140       0x40 net/libnet.a(nfs.o)
 .debug_ranges  0x00000180       0x20 drivers/libdrivers.a(cs8900.o)
 .debug_ranges  0x000001a0       0x50 common/libcommon.a(main.o)
 .debug_ranges  0x000001f0       0x18 common/libcommon.a(cmd_autoscript.o)
 .debug_ranges  0x00000208       0x18 common/libcommon.a(cmd_flash.o)
 .debug_ranges  0x00000220       0x18 common/libcommon.a(cmd_itest.o)
 .debug_ranges  0x00000238       0x30 common/libcommon.a(cmd_load.o)
 .debug_ranges  0x00000268       0x30 common/libcommon.a(cmd_mem.o)
 .debug_ranges  0x00000298       0x18 common/libcommon.a(cmd_nvedit.o)
 .debug_ranges  0x000002b0       0x38 common/libcommon.a(command.o)
 .debug_ranges  0x000002e8       0x38 common/libcommon.a(console.o)
 .debug_ranges  0x00000320       0x18 common/libcommon.a(devices.o)
 .debug_ranges  0x00000338       0x50 common/libcommon.a(dlmalloc.o)
 .debug_ranges  0x00000388       0x50 common/libcommon.a(flash.o)
 .debug_ranges  0x000003d8       0x18 common/libcommon.a(xyzModem.o)
 .debug_ranges  0x000003f0       0x18 lib_generic/libgeneric.a(vsprintf.o)
 .debug_ranges  0x00000408      0x108 lib_generic/libgeneric.a(zlib.o)
 .debug_ranges  0x00000510       0x48 board/smdk2410/libsmdk2410.a(flash.o)
 .debug_ranges  0x00000558       0x38 rtc/librtc.a(s3c24x0_rtc.o)
